// Jest Snapshot v1, https://goo.gl/fbAQLP

exports[`ReviewsSection render correctly ReviewsSection component 1`] = `
<div
  className="offset"
  id="reviews"
>
  <div
    className="jumbotron"
  >
    <div
      className="container"
    >
      <div
        className="col-12 text-center"
      >
        <h3
          className="heading"
        >
          Отзывы
        </h3>
        <div
          className="heading-underline"
        >
           
        </div>
      </div>
      <div
        className="row"
      >
        <div
          className="col-md-6 reviews"
        >
          <div
            className="row"
          >
            <div
              className="col-md-4"
            >
              <img
                src="static/default_user.jpg"
              />
            </div>
            <div
              className="col-md-8"
            >
              <blockquote>
                <i
                  className="fas fa-quote-left"
                >
                   
                </i>
                <i>
                  Тестовый отзыв 2
                </i>
                <hr
                  className="reviews-hr"
                />
                <cite>
                  — 
                  Student2
                   
                  Test2
                </cite>
              </blockquote>
            </div>
          </div>
        </div>
        <div
          className="col-md-6 reviews"
        >
          <div
            className="row"
          >
            <div
              className="col-md-4"
            >
              <img
                src="static/default_user.jpg"
              />
            </div>
            <div
              className="col-md-8"
            >
              <blockquote>
                <i
                  className="fas fa-quote-left"
                >
                   
                </i>
                <i>
                  Тестовый отзыв 1
                </i>
                <hr
                  className="reviews-hr"
                />
                <cite>
                  — 
                  Student1
                   
                  Test1
                </cite>
              </blockquote>
            </div>
          </div>
        </div>
      </div>
    </div>
  </div>
  <div
    className="col-12 narrow text-center"
  >
    <p
      className="lead"
    >
      Хочешь узнать больше мнений?
    </p>
    <a
      className="btn btn-secondary btn-md"
      href="#"
    >
      Другие отзывы
    </a>
  </div>
</div>
`;
