// Jest Snapshot v1, https://goo.gl/fbAQLP

exports[`LessonSection render correctly LessonSection component 1`] = `
<div
  className="col-md-12"
>
  <div>
    <div
      className="row"
    >
      <div
        className="col-md-6"
      >
        <div>
          <strong>
            Урок 
            1
            : 
            lessontest
          </strong>
        </div>
        <div>
          Описание: 
          lessontest description
        </div>
        <div>
          Дата проведения: 
          Mon Feb 10 2020 20:00:05 GMT+0300 (Moscow Standard Time)
        </div>
        <div>
          Ссылка на трансляцию: 
          <a
            href="http://127.0.0.1:8000/"
          >
            Перейти
          </a>
        </div>
      </div>
      <div
        className="col-md-6"
      >
        <div>
          <strong>
            Домашнее задание:
          </strong>
           
          lessontest homework_title
        </div>
        <div>
          Описание: 
          lessontest homework_description
        </div>
        <div>
          Сдать до: 
          2020-02-12
        </div>
        <div>
          Сдать: 
          <a
            href="/homework?lesson=1&title=lessontest homework_title"
            onClick={[Function]}
            onMouseEnter={[Function]}
          >
            Приступить
          </a>
        </div>
      </div>
    </div>
    <hr />
  </div>
</div>
`;
